
dell@Shreya MINGW64 ~/Desktop/DevOps Lab
$ git init
Initialized empty Git repository in C:/Users/dell/Desktop/DevOps Lab/.git/

dell@Shreya MINGW64 ~/Desktop/DevOps Lab (master)
$ git status
On branch master

No commits yet

nothing to commit (create/copy files and use "git add" to track)

dell@Shreya MINGW64 ~/Desktop/DevOps Lab (master)
$ touch file1.txt

dell@Shreya MINGW64 ~/Desktop/DevOps Lab (master)
$ git status
On branch master

No commits yet

Untracked files:
  (use "git add <file>..." to include in what will be committed)
        file1.txt

nothing added to commit but untracked files present (use "git add" to track)

dell@Shreya MINGW64 ~/Desktop/DevOps Lab (master)
$ ls
file1.txt

dell@Shreya MINGW64 ~/Desktop/DevOps Lab (master)
$ git add file1.txt

dell@Shreya MINGW64 ~/Desktop/DevOps Lab (master)
$ git status
On branch master

No commits yet

Changes to be committed:
  (use "git rm --cached <file>..." to unstage)
        new file:   file1.txt


dell@Shreya MINGW64 ~/Desktop/DevOps Lab (master)
$ git commit -m "First commit"
[master (root-commit) 5054f93] First commit
 1 file changed, 0 insertions(+), 0 deletions(-)
 create mode 100644 file1.txt

dell@Shreya MINGW64 ~/Desktop/DevOps Lab (master)
$ git status
On branch master
nothing to commit, working tree clean

dell@Shreya MINGW64 ~/Desktop/DevOps Lab (master)
$ git log
commit 5054f936a07e811f8f43573407226edd025d4ba3 (HEAD -> master)
Author: Shreya Idate <shreya.idate2002@gmail.com>
Date:   Mon Jul 18 09:42:10 2022 +0530

    First commit

dell@Shreya MINGW64 ~/Desktop/DevOps Lab (master)
$ git branch -M main

dell@Shreya MINGW64 ~/Desktop/DevOps Lab (main)
$ git remote add origin https://github.com/Shreya-Idate/DevOps-Lab.git

dell@Shreya MINGW64 ~/Desktop/DevOps Lab (main)
$ git show origin
fatal: ambiguous argument 'origin': unknown revision or path not in the working tree.
Use '--' to separate paths from revisions, like this:
'git <command> [<revision>...] -- [<file>...]'

dell@Shreya MINGW64 ~/Desktop/DevOps Lab (main)
$ git remote show origin
* remote origin
  Fetch URL: https://github.com/Shreya-Idate/DevOps-Lab.git
  Push  URL: https://github.com/Shreya-Idate/DevOps-Lab.git
  HEAD branch: (unknown)

dell@Shreya MINGW64 ~/Desktop/DevOps Lab (main)
$ git push -u origin main
Enumerating objects: 3, done.
Counting objects: 100% (3/3), done.
Writing objects: 100% (3/3), 219 bytes | 73.00 KiB/s, done.
Total 3 (delta 0), reused 0 (delta 0), pack-reused 0
To https://github.com/Shreya-Idate/DevOps-Lab.git
 * [new branch]      main -> main
Branch 'main' set up to track remote branch 'main' from 'origin'.

dell@Shreya MINGW64 ~/Desktop/DevOps Lab (main)
$ git status
On branch main
Your branch is up to date with 'origin/main'.

nothing to commit, working tree clean

dell@Shreya MINGW64 ~/Desktop/DevOps Lab (main)
$ cat file1.txt

dell@Shreya MINGW64 ~/Desktop/DevOps Lab (main)
$ git pull https://github.com/Shreya-Idate/DevOps-Lab.git
remote: Enumerating objects: 5, done.
remote: Counting objects: 100% (5/5), done.
remote: Total 3 (delta 0), reused 0 (delta 0), pack-reused 0
Unpacking objects: 100% (3/3), 649 bytes | 25.00 KiB/s, done.
From https://github.com/Shreya-Idate/DevOps-Lab
 * branch            HEAD       -> FETCH_HEAD
Updating 5054f93..b321b24
Fast-forward
 file1.txt | 3 +++
 1 file changed, 3 insertions(+)

dell@Shreya MINGW64 ~/Desktop/DevOps Lab (main)
$ cat file1.txt
Line 1
Line 2
Line 3

dell@Shreya MINGW64 ~/Desktop/DevOps Lab (main)
$ git log
commit b321b24009f859e726175660fdfb03a4dfdff4fe (HEAD -> main)
Author: Shreya Idate <67872701+Shreya-Idate@users.noreply.github.com>
Date:   Mon Jul 18 10:29:30 2022 +0530

    Update file1.txt

    Second commit

commit 5054f936a07e811f8f43573407226edd025d4ba3 (origin/main)
Author: Shreya Idate <shreya.idate2002@gmail.com>
Date:   Mon Jul 18 09:42:10 2022 +0530

    First commit

dell@Shreya MINGW64 ~/Desktop/DevOps Lab (main)
$ git fetch
From https://github.com/Shreya-Idate/DevOps-Lab
   5054f93..b321b24  main       -> origin/main

dell@Shreya MINGW64 ~/Desktop/DevOps Lab (main)
$ cat file1.txt
Line 1
Line 2
Line 3

dell@Shreya MINGW64 ~/Desktop/DevOps Lab (main)
$ git fetch https://github.com/Shreya-Idate/DevOps-Lab.git
From https://github.com/Shreya-Idate/DevOps-Lab
 * branch            HEAD       -> FETCH_HEAD

dell@Shreya MINGW64 ~/Desktop/DevOps Lab (main)
$